------------------------------------------------------------
Timing Analyzer Summary
------------------------------------------------------------

Type  : Slow 1200mV 85C Model Setup 'MAX10_CLK1_50'
Slack : -3.786
TNS   : -26.550

Type  : Slow 1200mV 85C Model Setup 'password:password_0|clkdiv:clk_div_1KHz|clk_div'
Slack : -1.794
TNS   : -14.638

Type  : Slow 1200mV 85C Model Hold 'password:password_0|clkdiv:clk_div_1KHz|clk_div'
Slack : 0.329
TNS   : 0.000

Type  : Slow 1200mV 85C Model Hold 'MAX10_CLK1_50'
Slack : 0.645
TNS   : 0.000

Type  : Slow 1200mV 85C Model Minimum Pulse Width 'MAX10_CLK1_50'
Slack : -3.000
TNS   : -26.851

Type  : Slow 1200mV 85C Model Minimum Pulse Width 'password:password_0|clkdiv:clk_div_1KHz|clk_div'
Slack : -1.403
TNS   : -36.478

Type  : Slow 1200mV 0C Model Setup 'MAX10_CLK1_50'
Slack : -3.398
TNS   : -22.536

Type  : Slow 1200mV 0C Model Setup 'password:password_0|clkdiv:clk_div_1KHz|clk_div'
Slack : -1.567
TNS   : -12.219

Type  : Slow 1200mV 0C Model Hold 'password:password_0|clkdiv:clk_div_1KHz|clk_div'
Slack : 0.295
TNS   : 0.000

Type  : Slow 1200mV 0C Model Hold 'MAX10_CLK1_50'
Slack : 0.598
TNS   : 0.000

Type  : Slow 1200mV 0C Model Minimum Pulse Width 'MAX10_CLK1_50'
Slack : -3.000
TNS   : -26.851

Type  : Slow 1200mV 0C Model Minimum Pulse Width 'password:password_0|clkdiv:clk_div_1KHz|clk_div'
Slack : -1.403
TNS   : -36.478

Type  : Fast 1200mV 0C Model Setup 'MAX10_CLK1_50'
Slack : -1.125
TNS   : -2.711

Type  : Fast 1200mV 0C Model Setup 'password:password_0|clkdiv:clk_div_1KHz|clk_div'
Slack : -0.108
TNS   : -0.298

Type  : Fast 1200mV 0C Model Hold 'password:password_0|clkdiv:clk_div_1KHz|clk_div'
Slack : 0.144
TNS   : 0.000

Type  : Fast 1200mV 0C Model Hold 'MAX10_CLK1_50'
Slack : 0.250
TNS   : 0.000

Type  : Fast 1200mV 0C Model Minimum Pulse Width 'MAX10_CLK1_50'
Slack : -3.000
TNS   : -22.890

Type  : Fast 1200mV 0C Model Minimum Pulse Width 'password:password_0|clkdiv:clk_div_1KHz|clk_div'
Slack : -1.000
TNS   : -26.000

------------------------------------------------------------
